.bridra/project.json
.fvmrc
.gitignore
Makefile
README.md
analysis_options.yaml
backend/app/contracts/bridra.gen.go
backend/app/controllers/greeting_controller.go
backend/app/controllers/system_controller.go
backend/app/models/greeting.go
backend/app/requests/bridra.gen.go
backend/app/responses/bridra.gen.go
backend/app/responses/greeting_response.go
backend/app/router.go
backend/app/router_test.go
backend/app/services/greeting_service.go
backend/cmd/server/main.go
backend/cmd/sidecar/main.go
backend/framework/protocol_version.gen.go
backend/go.mod
integration_test/ios_http_smoke_test.dart
ios/Runner/Info.plist
lib/api/backend_gateway.dart
lib/api/generated/bridra_api.g.dart
lib/main.dart
pubspec.yaml
schema/bridra.json
test/widget_test.dart
test_driver/integration_test.dart
tool/ios_device_smoke.sh
tool/ios_simulator_smoke.sh
